
Detector: weak-prng
ODPPassportProofRegistry._generateProofId(uint32,uint8,string) (ODPPassportProofRegistry.sol#108-134) uses a weak PRNG: "n = uint32(uint256(keccak256(bytes)(abi.encodePacked(block.timestamp,block.prevrandao,msg.sender,baseNonce + i,key,passportIdHash,gasleft()()))) % 100_000_000) (ODPPassportProofRegistry.sol#118-126)" 
Reference: https://github.com/crytic/slither/wiki/Detector-Documentation#weak-PRNG

Detector: incorrect-equality
ODPPassportProofRegistry._requireUtcYearMonth(uint32,uint8) (ODPPassportProofRegistry.sol#103-106) uses a dangerous strict equality:
	- ! (year == cy && month == cm) (ODPPassportProofRegistry.sol#105)
Reference: https://github.com/crytic/slither/wiki/Detector-Documentation#dangerous-strict-equalities

Detector: timestamp
ODPPassportProofRegistry.getProof(string) (ODPPassportProofRegistry.sol#94-101) uses timestamp for comparisons
	Dangerous comparisons:
	- ! (bytes(_proofs[proofId].proofId).length > 0) (ODPPassportProofRegistry.sol#99)
ODPPassportProofRegistry._requireUtcYearMonth(uint32,uint8) (ODPPassportProofRegistry.sol#103-106) uses timestamp for comparisons
	Dangerous comparisons:
	- ! (year == cy && month == cm) (ODPPassportProofRegistry.sol#105)
Reference: https://github.com/crytic/slither/wiki/Detector-Documentation#block-timestamp

Detector: solc-version
Version constraint ^0.8.20 contains known severe issues (https://solidity.readthedocs.io/en/latest/bugs.html)
	- VerbatimInvalidDeduplication
	- FullInlinerNonExpressionSplitArgumentEvaluationOrder
	- MissingSideEffectsOnSelectorAccess.
It is used by:
	- ^0.8.20 (IODPRegistry.sol#2)
	- ^0.8.20 (ODPErrors.sol#2)
	- ^0.8.20 (ODPPassportLib.sol#2)
	- ^0.8.20 (ODPPassportProofRegistry.sol#2)
	- ^0.8.20 (ODPPassportTypes.sol#2)
	- ^0.8.20 (ODPSatellite.sol#2)
Reference: https://github.com/crytic/slither/wiki/Detector-Documentation#incorrect-versions-of-solidity
ODPPassportProofRegistry.sol analyzed (5 contracts with 102 detectors), 5 result(s) found
'/private/tmp/odp-astra-cache/compilers-v3/macosx-amd64/solc-macosx-amd64-v0.8.20+commit.a1b79de6 --version' running
'/private/tmp/odp-astra-cache/compilers-v3/macosx-amd64/solc-macosx-amd64-v0.8.20+commit.a1b79de6 ODPPassportProofRegistry.sol --combined-json abi,ast,bin,bin-runtime,srcmap,srcmap-runtime,userdoc,devdoc,hashes --via-ir --optimize --optimize-runs 1 --evm-version shanghai --allow-paths .,/Users/Andrei/Проекты/GitHub/Object Digital Passport/specifications/chain/contracts' running
