sysctlbyname for kern.hv_vmm_present failed with status -1main/decode-coreimage.swift:8: Fatal error: Expected QR: []
Stack dump:
0.	Program arguments: /Applications/Xcode.app/Contents/Developer/Toolchains/XcodeDefault.xctoolchain/usr/bin/swift-frontend -frontend -interpret review/qr-07/decode-coreimage.swift -Xllvm -aarch64-use-tbi -enable-objc-interop -stack-check -sdk /Applications/Xcode.app/Contents/Developer/Platforms/MacOSX.platform/Developer/SDKs/MacOSX27.0.sdk -module-cache-path /private/tmp/odp-qr-swift-cache -no-color-diagnostics -Xcc -fno-color-diagnostics -new-driver-path /Applications/Xcode.app/Contents/Developer/Toolchains/XcodeDefault.xctoolchain/usr/bin/swift-driver -empty-abi-descriptor -no-auto-bridging-header-chaining -module-name main -disable-clang-spi -target-sdk-version 27.0 -target-sdk-name macosx27.0 -external-plugin-path /Applications/Xcode.app/Contents/Developer/Platforms/MacOSX.platform/Developer/usr/lib/swift/host/plugins#/Applications/Xcode.app/Contents/Developer/Platforms/MacOSX.platform/Developer/usr/bin/swift-plugin-server -external-plugin-path /Applications/Xcode.app/Contents/Developer/Platforms/MacOSX.platform/Developer/usr/local/lib/swift/host/plugins#/Applications/Xcode.app/Contents/Developer/Platforms/MacOSX.platform/Developer/usr/bin/swift-plugin-server -in-process-plugin-server-path /Applications/Xcode.app/Contents/Developer/Toolchains/XcodeDefault.xctoolchain/usr/lib/swift/host/libSwiftInProcPluginServer.dylib -plugin-path /Applications/Xcode.app/Contents/Developer/Toolchains/XcodeDefault.xctoolchain/usr/lib/swift/host/plugins -plugin-path /Applications/Xcode.app/Contents/Developer/Toolchains/XcodeDefault.xctoolchain/usr/local/lib/swift/host/plugins -- review/qr-07/compact.png review/qr-07/web.png
1.	Apple Swift version 6.4 (swiftlang-6.4.0.34.1 clang-2100.3.34.1)
2.	Compiling with effective version 5.10
3.	While running user code "review/qr-07/decode-coreimage.swift"
Stack dump without symbol names (ensure you have llvm-symbolizer in your PATH or set the environment var `LLVM_SYMBOLIZER_PATH` to point to it):
0  swift-frontend           0x000000010adf3bd0 llvm::sys::PrintStackTrace(llvm::raw_ostream&, int) + 56
1  swift-frontend           0x000000010adf1358 llvm::sys::RunSignalHandlers() + 172
2  swift-frontend           0x000000010adf41c8 SignalHandler(int, __siginfo*, void*) + 360
3  libsystem_platform.dylib 0x0000000195a60144 _sigtramp + 56
4  libswiftCore.dylib       0x00000001aa120d4c $ss17_assertionFailure__4file4line5flagss5NeverOs12StaticStringV_SSAHSus6UInt32VtF + 216
5  (error)                  0x000000011934c694
6  swift-frontend           0x0000000104a8515c llvm::orc::runAsMain(int (*)(int, char**), llvm::ArrayRef<std::__1::basic_string<char, std::__1::char_traits<char>, std::__1::allocator<char>>>, std::__1::optional<llvm::StringRef>) + 908
7  swift-frontend           0x000000010498d4a0 swift::SwiftJIT::runMain(llvm::ArrayRef<std::__1::basic_string<char, std::__1::char_traits<char>, std::__1::allocator<char>>>) + 636
8  swift-frontend           0x000000010499980c swift::RunImmediately(swift::CompilerInstance&, std::__1::vector<std::__1::basic_string<char, std::__1::char_traits<char>, std::__1::allocator<char>>, std::__1::allocator<std::__1::basic_string<char, std::__1::char_traits<char>, std::__1::allocator<char>>>> const&, swift::IRGenOptions const&, swift::SILOptions const&, std::__1::unique_ptr<swift::SILModule, std::__1::default_delete<swift::SILModule>>&&) + 964
9  swift-frontend           0x000000010490bb7c processCommandLineAndRunImmediately(swift::CompilerInstance&, std::__1::unique_ptr<swift::SILModule, std::__1::default_delete<swift::SILModule>>&&, llvm::PointerUnion<swift::ModuleDecl*, swift::SourceFile*>, swift::FrontendObserver*, int&) + 484
10 swift-frontend           0x0000000104904b98 performCompileStepsPostSILGen(swift::CompilerInstance&, std::__1::unique_ptr<swift::SILModule, std::__1::default_delete<swift::SILModule>>, llvm::PointerUnion<swift::ModuleDecl*, swift::SourceFile*>, swift::PrimarySpecificPaths const&, int&, swift::FrontendObserver*, llvm::ArrayRef<char const*>, llvm::ArrayRef<swift::PrimarySpecificPaths>) + 2408
11 swift-frontend           0x0000000104903dd0 swift::performCompileStepsPostSema(swift::CompilerInstance&, int&, swift::FrontendObserver*, llvm::ArrayRef<char const*>) + 3944
12 swift-frontend           0x0000000104909798 performCompile(swift::CompilerInstance&, int&, swift::FrontendObserver*, llvm::ArrayRef<char const*>) + 4268
13 swift-frontend           0x0000000104905dc4 swift::performFrontend(llvm::ArrayRef<char const*>, char const*, void*, swift::FrontendObserver*) + 3776
14 swift-frontend           0x0000000104885008 swift::mainEntry(int, char const**) + 5600
15 dyld                     0x000000019567fe80 start + 6688
