
> object-digital-passport@0.7.0 test:tools
> node --test tools/test/*.test.mjs

TAP version 13
# Subtest: offline integrity never implies verified chain or issuer
ok 1 - offline integrity never implies verified chain or issuer
  ---
  duration_ms: 10.52525
  type: 'test'
  ...
# Subtest: omitting both payload and manifest item cannot hide a missing original
ok 2 - omitting both payload and manifest item cannot hide a missing original
  ---
  duration_ms: 1.364875
  type: 'test'
  ...
# Subtest: payload tamper and size mismatch fail
ok 3 - payload tamper and size mismatch fail
  ---
  duration_ms: 2.2975
  type: 'test'
  ...
# Subtest: duplicate paths, traversal, extra and missing roots fail
ok 4 - duplicate paths, traversal, extra and missing roots fail
  ---
  duration_ms: 0.382666
  type: 'test'
  ...
# Subtest: cross-file mismatch and missing/duplicate satellite roles fail
ok 5 - cross-file mismatch and missing/duplicate satellite roles fail
  ---
  duration_ms: 3.569875
  type: 'test'
  ...
# Subtest: duplicate JSON keys, malformed UTF-8, BOM and noncanonical passport fail
ok 6 - duplicate JSON keys, malformed UTF-8, BOM and noncanonical passport fail
  ---
  duration_ms: 1.619458
  type: 'test'
  ...
# Subtest: edition must use the declared generation and include public address list
ok 7 - edition must use the declared generation and include public address list
  ---
  duration_ms: 10.782709
  type: 'test'
  ...
# Subtest: manifest path/hash disagreement, unlisted bytes and duplicate deployments fail
ok 8 - manifest path/hash disagreement, unlisted bytes and duplicate deployments fail
  ---
  duration_ms: 2.599167
  type: 'test'
  ...
# Subtest: unknown anchor names including prototype properties set bit 31
ok 9 - unknown anchor names including prototype properties set bit 31
  ---
  duration_ms: 8.929292
  type: 'test'
  ...
# Subtest: strict bytes and CLI reject malformed UTF-8 and BOM
ok 10 - strict bytes and CLI reject malformed UTF-8 and BOM
  ---
  duration_ms: 174.215917
  type: 'test'
  ...
# Subtest: zero root is rejected in passport and direct commitment preflight
ok 11 - zero root is rejected in passport and direct commitment preflight
  ---
  duration_ms: 1.096459
  type: 'test'
  ...
# Subtest: address list verifies odd tree and rejects count, order, root and format tampering
ok 12 - address list verifies odd tree and rejects count, order, root and format tampering
  ---
  duration_ms: 1.068916
  type: 'test'
  ...
# Subtest: statement validator rejects independently changed subject, journal, author and payload
ok 13 - statement validator rejects independently changed subject, journal, author and payload
  ---
  duration_ms: 17.418333
  type: 'test'
  ...
# Subtest: pinned operation vectors preserve encoding and separate caller, chain and satellite
ok 14 - pinned operation vectors preserve encoding and separate caller, chain and satellite
  ---
  duration_ms: 13.321542
  type: 'test'
  ...
# Subtest: issuance preflight requires and verifies full edition list before exposing mint tuple
ok 15 - issuance preflight requires and verifies full edition list before exposing mint tuple
  ---
  duration_ms: 5.273667
  type: 'test'
  ...
1..15
# tests 15
# suites 0
# pass 15
# fail 0
# cancelled 0
# skipped 0
# todo 0
# duration_ms 458.332625
