
> object-digital-passport@0.7.0 check
> npm run compile && npm run vectors && npm test


> object-digital-passport@0.7.0 compile
> hardhat compile && node deploy/scripts/eip170-report.mjs && node deploy/scripts/export-abi.mjs

No contracts to compile
ObjectDigitalPassport: 12963/24576 runtime bytes
ODPEditionUnits: 5230/24576 runtime bytes
ODPAuthorAttestation: 4380/24576 runtime bytes
ODPPassportConcerns: 4550/24576 runtime bytes
ODPHosting: 3821/24576 runtime bytes
ODPProfileDirectory: 2495/24576 runtime bytes
ODPRegistryRelations: 7255/24576 runtime bytes
ODPPassportProofRegistry: 5613/24576 runtime bytes
ODPWalletDocumentAnchor: 2507/24576 runtime bytes
Exported 0.7-redesign-1 ABI: 10 interfaces

> object-digital-passport@0.7.0 vectors
> node tools/check-vectors.mjs

All four bundle vectors and edition v2 generator match.

> object-digital-passport@0.7.0 test
> hardhat test

No contracts to compile

Running Solidity tests


Running Mocha tests


  0.7 immutable core
    ✔ has exact shared satellite ABI tuples
    ✔ has no admin, external library, transfer, mutable card or callback entrypoints
    ✔ reads five-field profiles and unknown identities safely
    ✔ enforces profile type, permanent wallet registration and principal authorization
    ✔ mints physical with immutable hashes, card and readable receipt
    ✔ mints digital with immutable hashes, card and readable receipt
    ✔ mints mixed with immutable hashes, card and readable receipt
    ✔ rejects every invalid core enum and empty/oversized UTF-8 fields
    ✔ checks hashes, required anchor masks and UTC
    ✔ restricts edition anchor flags to B profiles
    ✔ accepts issuer revocation at exactly 72h; requires nonzero reason and only once
    ✔ rejects revocation after 72h, including by deployer of another issuer
    ✔ stopping a profile blocks mint/revoke without erasing records
    ✔ safe paging handles zero, max uint, end and page cap
    ✔ never invokes external code during mint (trace opcode assertion)

  0.7 mint agent handshake
    ✔ requires request then principal confirmation and records principal vs sender
    ✔ replacement, cancellation and renunciation revoke exactly their own authority
    ✔ stopped principal cannot confirm or delegate-mint but can remove old grant

  0.7 concerns
    ✔ independent P/M records, readable logs, withdraw/re-raise without duplicate indices
    ✔ validates existence, roles, hashes, size and missing/withdrawn state
    ✔ permits comments on revoked passports; stopped institution cannot mutate its statement
    ✔ 250 seeded state transitions preserve counter and unique index invariants (496ms)

  0.7 hosting and directory
    ✔ publishing permission is separate; expiry, replacement and revoke immediately apply
    ✔ stopped issuer blocks URL changes; hashes stay fixed
    ✔ domain declarations enforce organisation role and canonical DNS syntax

  0.7 independent attestations and affiliation
    ✔ proofs enforce P/M active state, passport state and paged access
    ✔ document anchors reject stopped/unregistered issuer and duplicates; scopes hash to wallet
    ✔ author signature binds domain and exact passport, cannot be front-run or replayed
    ✔ stopped creator cannot bind arbitrary author key
    ✔ affiliation handshake rejects cycles, is display-only, allows child to leave
    ✔ stopped child cannot be confirmed; cleanup still works
    ✔ ODPEditionUnits rejects EOA registry and fits EIP-170
    ✔ ODPPassportConcerns rejects EOA registry and fits EIP-170
    ✔ ODPPassportProofRegistry rejects EOA registry and fits EIP-170
    ✔ ODPHosting rejects EOA registry and fits EIP-170
    ✔ ODPProfileDirectory rejects EOA registry and fits EIP-170
    ✔ ODPAuthorAttestation rejects EOA registry and fits EIP-170
    ✔ ODPRegistryRelations rejects EOA registry and fits EIP-170
    ✔ ODPWalletDocumentAnchor rejects EOA registry and fits EIP-170

  0.7 additional adversarial boundaries
    ✔ 101 real concern raisers cannot create oversized pages or occupy each other slots (946ms)
    ✔ Gregorian month rollover rejects stale documents while a freshly prepared one mints
    ✔ empty/max-length UTF-8 URL boundaries and missing-document semantics are enforced
    ✔ author rejects high-s, wrong-v, wrong data and wrong passport signatures without occupying slot
    ✔ activation rejects high-s, invalid-v, overlong proof and another-chain signature
    ✔ affiliation rechecks cycle at confirmation after the pending graph changes

  0.7 canonical bundle to local EVM and back
    ✔ physical: real file bytes → JSON → mint → receipt → independent verification
    ✔ digital: real file bytes → JSON → mint → receipt → independent verification
    ✔ mixed: real file bytes → JSON → mint → receipt → independent verification
    ✔ edition: real file bytes → JSON → mint → receipt → independent verification
    ✔ all checked-in examples satisfy schema and semantic validation
    ✔ rejects time, byte-length, assigned-ID and cross-anchor inconsistencies

  0.7 quota and pagination boundaries
    ✔ 1000 principal+agent mints share C bucket; rejected mint is atomic; pages stay bounded (3389ms)

  0.7 edition preparation and activation
    ✔ prepares immutable root before mint; printed seed reconstructs exactly the same key
    ✔ permissionless courier gains no rights; duplicate, wrong index and bad signature fail
    ✔ activation does not close issuer 72h revocation window; revoked edition cannot activate again
    ✔ stopped issuer cannot open, but previously opened nonrevoked edition remains usable
    ✔ rejects invalid edition model, flags, count, nonce, role and revoked passport
    ✔ satellite-specific signatures cannot replay; historical namespace remains independently readable
    ✔ all leaves in odd/even trees verify; mutations never activate or change state (245ms)

  0.7 canonicalization
    ✔ sorts integer-like keys by UTF-16, normalizes NFC, and uses ECMAScript numbers
    ✔ rejects ambiguous or non-JSON inputs including normalized duplicate keys
    ✔ matches checked-in canonical vectors

  0.7 measured registration costs
V07_GAS {"registration":"166283","physicalMint":"548748","firstConcern":"239112","secondRaiser":"204958","withdraw":"63171","reRaise":"77967"}
    ✔ records gas for the new indexed concern model rather than reusing the legacy number

  0.7 optional variant commitments
    ✔ all sealed variants verify; a changed variant, salt or index fails
    ✔ uses NFC UTF-8 byte length and rejects excess length
    ✔ rejects mismatched counts between edition, unit keys and variant commitments


  66 passing (7s)


66 passing (66 mocha)

WARNING: hre.network.connect() is deprecated and will be removed in a future version. Use hre.network.create() or hre.network.getOrCreate() instead.
