Collecting slither-analyzer==0.11.6
  Using cached slither_analyzer-0.11.6-py3-none-any.whl.metadata (35 kB)
Collecting crytic-compile<0.5.0,>=0.4.2 (from slither-analyzer==0.11.6)
  Using cached crytic_compile-0.4.2-py3-none-any.whl.metadata (3.8 kB)
Collecting eth-abi>=5.0.1 (from slither-analyzer==0.11.6)
  Using cached eth_abi-6.0.0-py3-none-any.whl.metadata (2.4 kB)
Collecting eth-typing>=5.0.0 (from slither-analyzer==0.11.6)
  Using cached eth_typing-6.0.0-py3-none-any.whl.metadata (3.1 kB)
Collecting eth-utils>=5.0.0 (from slither-analyzer==0.11.6)
  Using cached eth_utils-6.0.0-py3-none-any.whl.metadata (5.6 kB)
Collecting packaging (from slither-analyzer==0.11.6)
  Using cached packaging-26.3-py3-none-any.whl.metadata (3.5 kB)
Collecting prettytable>=3.10.2 (from slither-analyzer==0.11.6)
  Using cached prettytable-3.18.0-py3-none-any.whl.metadata (37 kB)
Collecting pycryptodome>=3.4.6 (from slither-analyzer==0.11.6)
  Using cached pycryptodome-3.23.0-cp37-abi3-macosx_10_9_universal2.whl.metadata (3.4 kB)
Collecting web3<8,>=7.10 (from slither-analyzer==0.11.6)
  Using cached web3-7.16.0-py3-none-any.whl.metadata (5.6 kB)
Collecting cbor2 (from crytic-compile<0.5.0,>=0.4.2->slither-analyzer==0.11.6)
  Using cached cbor2-6.1.4-cp314-cp314-macosx_11_0_arm64.whl.metadata (5.5 kB)
Collecting solc-select>=1.0.4 (from crytic-compile<0.5.0,>=0.4.2->slither-analyzer==0.11.6)
  Using cached solc_select-1.2.0-py3-none-any.whl.metadata (47 kB)
Collecting eth-account>=0.13.6 (from web3<8,>=7.10->slither-analyzer==0.11.6)
  Using cached eth_account-0.14.0-py3-none-any.whl.metadata (2.4 kB)
Collecting eth-hash>=0.5.1 (from eth-hash[pycryptodome]>=0.5.1->web3<8,>=7.10->slither-analyzer==0.11.6)
  Using cached eth_hash-0.8.0-py3-none-any.whl.metadata (4.1 kB)
Collecting hexbytes>=1.2.0 (from web3<8,>=7.10->slither-analyzer==0.11.6)
  Using cached hexbytes-2.0.0-py3-none-any.whl.metadata (2.1 kB)
Collecting aiohttp>=3.7.4.post0 (from web3<8,>=7.10->slither-analyzer==0.11.6)
  Using cached aiohttp-3.14.3-cp314-cp314-macosx_11_0_arm64.whl.metadata (8.3 kB)
Collecting pydantic>=2.4.0 (from web3<8,>=7.10->slither-analyzer==0.11.6)
  Using cached pydantic-2.13.5-py3-none-any.whl.metadata (110 kB)
Collecting requests>=2.23.0 (from web3<8,>=7.10->slither-analyzer==0.11.6)
  Using cached requests-2.34.2-py3-none-any.whl.metadata (4.8 kB)
Collecting typing-extensions>=4.0.1 (from web3<8,>=7.10->slither-analyzer==0.11.6)
  Using cached typing_extensions-4.16.0-py3-none-any.whl.metadata (3.3 kB)
Collecting types-requests>=2.0.0 (from web3<8,>=7.10->slither-analyzer==0.11.6)
  Using cached types_requests-2.33.0.20260906-py3-none-any.whl.metadata (2.2 kB)
Collecting websockets<16.0.0,>=10.0.0 (from web3<8,>=7.10->slither-analyzer==0.11.6)
  Using cached websockets-15.0.1-py3-none-any.whl.metadata (6.8 kB)
Collecting pyunormalize>=15.0.0 (from web3<8,>=7.10->slither-analyzer==0.11.6)
  Using cached pyunormalize-17.0.0-py3-none-any.whl.metadata (5.7 kB)
Collecting aiohappyeyeballs>=2.5.0 (from aiohttp>=3.7.4.post0->web3<8,>=7.10->slither-analyzer==0.11.6)
  Using cached aiohappyeyeballs-2.7.1-py3-none-any.whl.metadata (5.9 kB)
Collecting aiosignal>=1.4.0 (from aiohttp>=3.7.4.post0->web3<8,>=7.10->slither-analyzer==0.11.6)
  Using cached aiosignal-1.4.0-py3-none-any.whl.metadata (3.7 kB)
Collecting attrs>=17.3.0 (from aiohttp>=3.7.4.post0->web3<8,>=7.10->slither-analyzer==0.11.6)
  Using cached attrs-26.1.0-py3-none-any.whl.metadata (8.8 kB)
Collecting frozenlist>=1.1.1 (from aiohttp>=3.7.4.post0->web3<8,>=7.10->slither-analyzer==0.11.6)
  Using cached frozenlist-1.8.0-cp314-cp314-macosx_11_0_arm64.whl.metadata (20 kB)
Collecting multidict<7.0,>=4.5 (from aiohttp>=3.7.4.post0->web3<8,>=7.10->slither-analyzer==0.11.6)
  Using cached multidict-6.8.0-cp314-cp314-macosx_11_0_arm64.whl.metadata (5.3 kB)
Collecting propcache>=0.2.0 (from aiohttp>=3.7.4.post0->web3<8,>=7.10->slither-analyzer==0.11.6)
  Using cached propcache-0.5.4-cp314-cp314-macosx_11_0_arm64.whl.metadata (25 kB)
Collecting yarl<2.0,>=1.17.0 (from aiohttp>=3.7.4.post0->web3<8,>=7.10->slither-analyzer==0.11.6)
  Using cached yarl-1.25.1-cp314-cp314-macosx_11_0_arm64.whl.metadata (111 kB)
Collecting idna>=2.0 (from yarl<2.0,>=1.17.0->aiohttp>=3.7.4.post0->web3<8,>=7.10->slither-analyzer==0.11.6)
  Downloading idna-3.20-py3-none-any.whl.metadata (7.2 kB)
Collecting parsimonious<0.11.0,>=0.10.0 (from eth-abi>=5.0.1->slither-analyzer==0.11.6)
  Using cached parsimonious-0.10.0-py3-none-any.whl.metadata (25 kB)
Collecting regex>=2022.3.15 (from parsimonious<0.11.0,>=0.10.0->eth-abi>=5.0.1->slither-analyzer==0.11.6)
  Using cached regex-2026.9.10-cp314-cp314-macosx_11_0_arm64.whl.metadata (40 kB)
Collecting bitarray>=2.4 (from eth-account>=0.13.6->web3<8,>=7.10->slither-analyzer==0.11.6)
  Using cached bitarray-3.11.0-cp314-cp314-macosx_11_0_arm64.whl.metadata (38 kB)
Collecting eth-keyfile>=0.10 (from eth-account>=0.13.6->web3<8,>=7.10->slither-analyzer==0.11.6)
  Using cached eth_keyfile-0.10.0-py3-none-any.whl.metadata (9.8 kB)
Collecting eth-keys>=0.5 (from eth-account>=0.13.6->web3<8,>=7.10->slither-analyzer==0.11.6)
  Using cached eth_keys-0.8.0-py3-none-any.whl.metadata (12 kB)
Collecting eth-rlp>=3 (from eth-account>=0.13.6->web3<8,>=7.10->slither-analyzer==0.11.6)
  Using cached eth_rlp-3.0.0-py3-none-any.whl.metadata (2.2 kB)
Collecting rlp>=2 (from eth-account>=0.13.6->web3<8,>=7.10->slither-analyzer==0.11.6)
  Using cached rlp-5.0.0-py3-none-any.whl.metadata (2.1 kB)
Collecting ckzg>=2 (from eth-account>=0.13.6->web3<8,>=7.10->slither-analyzer==0.11.6)
  Using cached ckzg-2.1.8-cp314-cp314-macosx_11_0_arm64.whl.metadata (887 bytes)
Collecting py_ecc>=5.2.0 (from eth-keyfile>=0.10->eth-account>=0.13.6->web3<8,>=7.10->slither-analyzer==0.11.6)
  Using cached py_ecc-8.0.0-py3-none-any.whl.metadata (3.1 kB)
Collecting cytoolz>=0.10.1 (from eth-utils>=5.0.0->slither-analyzer==0.11.6)
  Using cached cytoolz-1.1.0-cp314-cp314-macosx_11_0_arm64.whl.metadata (5.2 kB)
Collecting annotated-types>=0.6.0 (from pydantic>=2.4.0->web3<8,>=7.10->slither-analyzer==0.11.6)
  Using cached annotated_types-0.8.0-py3-none-any.whl.metadata (15 kB)
Collecting pydantic-core==2.46.5 (from pydantic>=2.4.0->web3<8,>=7.10->slither-analyzer==0.11.6)
  Using cached pydantic_core-2.46.5-cp314-cp314-macosx_11_0_arm64.whl.metadata (6.6 kB)
Collecting typing-inspection>=0.4.2 (from pydantic>=2.4.0->web3<8,>=7.10->slither-analyzer==0.11.6)
  Using cached typing_inspection-0.4.4-py3-none-any.whl.metadata (2.6 kB)
Collecting toolz>=0.8.0 (from cytoolz>=0.10.1->eth-utils>=5.0.0->slither-analyzer==0.11.6)
  Using cached toolz-1.1.0-py3-none-any.whl.metadata (5.1 kB)
Collecting wcwidth>=0.3.5 (from prettytable>=3.10.2->slither-analyzer==0.11.6)
  Using cached wcwidth-0.8.3-py3-none-any.whl.metadata (43 kB)
Collecting charset_normalizer<4,>=2 (from requests>=2.23.0->web3<8,>=7.10->slither-analyzer==0.11.6)
  Using cached charset_normalizer-3.5.1-cp314-cp314-macosx_10_15_universal2.whl.metadata (45 kB)
Collecting urllib3<3,>=1.26 (from requests>=2.23.0->web3<8,>=7.10->slither-analyzer==0.11.6)
  Using cached urllib3-2.8.0-py3-none-any.whl.metadata (7.4 kB)
Collecting certifi>=2023.5.7 (from requests>=2.23.0->web3<8,>=7.10->slither-analyzer==0.11.6)
  Using cached certifi-2026.7.22-py3-none-any.whl.metadata (2.5 kB)
Using cached slither_analyzer-0.11.6-py3-none-any.whl (765 kB)
Using cached crytic_compile-0.4.2-py3-none-any.whl (96 kB)
Using cached web3-7.16.0-py3-none-any.whl (1.4 MB)
Using cached websockets-15.0.1-py3-none-any.whl (169 kB)
Using cached aiohttp-3.14.3-cp314-cp314-macosx_11_0_arm64.whl (512 kB)
Using cached multidict-6.8.0-cp314-cp314-macosx_11_0_arm64.whl (48 kB)
Using cached yarl-1.25.1-cp314-cp314-macosx_11_0_arm64.whl (104 kB)
Using cached aiohappyeyeballs-2.7.1-py3-none-any.whl (15 kB)
Using cached aiosignal-1.4.0-py3-none-any.whl (7.5 kB)
Using cached attrs-26.1.0-py3-none-any.whl (67 kB)
Using cached eth_abi-6.0.0-py3-none-any.whl (53 kB)
Using cached parsimonious-0.10.0-py3-none-any.whl (48 kB)
Using cached eth_account-0.14.0-py3-none-any.whl (586 kB)
Using cached bitarray-3.11.0-cp314-cp314-macosx_11_0_arm64.whl (166 kB)
Using cached ckzg-2.1.8-cp314-cp314-macosx_11_0_arm64.whl (96 kB)
Using cached eth_hash-0.8.0-py3-none-any.whl (8.0 kB)
Using cached pycryptodome-3.23.0-cp37-abi3-macosx_10_9_universal2.whl (2.5 MB)
Using cached eth_keyfile-0.10.0-py3-none-any.whl (9.5 kB)
Using cached eth_keys-0.8.0-py3-none-any.whl (20 kB)
Using cached eth_rlp-3.0.0-py3-none-any.whl (15 kB)
Using cached eth_typing-6.0.0-py3-none-any.whl (19 kB)
Using cached eth_utils-6.0.0-py3-none-any.whl (102 kB)
Using cached pydantic-2.13.5-py3-none-any.whl (472 kB)
Using cached pydantic_core-2.46.5-cp314-cp314-macosx_11_0_arm64.whl (1.9 MB)
Using cached annotated_types-0.8.0-py3-none-any.whl (13 kB)
Using cached cytoolz-1.1.0-cp314-cp314-macosx_11_0_arm64.whl (990 kB)
Using cached frozenlist-1.8.0-cp314-cp314-macosx_11_0_arm64.whl (49 kB)
Using cached hexbytes-2.0.0-py3-none-any.whl (18 kB)
Downloading idna-3.20-py3-none-any.whl (69 kB)
Using cached prettytable-3.18.0-py3-none-any.whl (37 kB)
Using cached propcache-0.5.4-cp314-cp314-macosx_11_0_arm64.whl (51 kB)
Using cached py_ecc-8.0.0-py3-none-any.whl (47 kB)
Using cached pyunormalize-17.0.0-py3-none-any.whl (51 kB)
Using cached regex-2026.9.10-cp314-cp314-macosx_11_0_arm64.whl (291 kB)
Using cached requests-2.34.2-py3-none-any.whl (73 kB)
Using cached charset_normalizer-3.5.1-cp314-cp314-macosx_10_15_universal2.whl (341 kB)
Using cached urllib3-2.8.0-py3-none-any.whl (135 kB)
Using cached certifi-2026.7.22-py3-none-any.whl (136 kB)
Using cached rlp-5.0.0-py3-none-any.whl (19 kB)
Using cached solc_select-1.2.0-py3-none-any.whl (36 kB)
Using cached toolz-1.1.0-py3-none-any.whl (58 kB)
Using cached types_requests-2.33.0.20260906-py3-none-any.whl (21 kB)
Using cached typing_extensions-4.16.0-py3-none-any.whl (45 kB)
Using cached typing_inspection-0.4.4-py3-none-any.whl (14 kB)
Using cached wcwidth-0.8.3-py3-none-any.whl (331 kB)
Using cached cbor2-6.1.4-cp314-cp314-macosx_11_0_arm64.whl (407 kB)
Using cached packaging-26.3-py3-none-any.whl (129 kB)
Installing collected packages: ckzg, websockets, wcwidth, urllib3, typing-extensions, toolz, regex, pyunormalize, pycryptodome, propcache, packaging, multidict, idna, hexbytes, frozenlist, eth-hash, charset_normalizer, certifi, cbor2, bitarray, attrs, annotated-types, aiohappyeyeballs, yarl, typing-inspection, types-requests, requests, pydantic-core, prettytable, parsimonious, eth-typing, cytoolz, aiosignal, solc-select, pydantic, aiohttp, eth-utils, crytic-compile, rlp, py_ecc, eth-keys, eth-abi, eth-rlp, eth-keyfile, eth-account, web3, slither-analyzer

Successfully installed aiohappyeyeballs-2.7.1 aiohttp-3.14.3 aiosignal-1.4.0 annotated-types-0.8.0 attrs-26.1.0 bitarray-3.11.0 cbor2-6.1.4 certifi-2026.7.22 charset_normalizer-3.5.1 ckzg-2.1.8 crytic-compile-0.4.2 cytoolz-1.1.0 eth-abi-6.0.0 eth-account-0.14.0 eth-hash-0.8.0 eth-keyfile-0.10.0 eth-keys-0.8.0 eth-rlp-3.0.0 eth-typing-6.0.0 eth-utils-6.0.0 frozenlist-1.8.0 hexbytes-2.0.0 idna-3.20 multidict-6.8.0 packaging-26.3 parsimonious-0.10.0 prettytable-3.18.0 propcache-0.5.4 py_ecc-8.0.0 pycryptodome-3.23.0 pydantic-2.13.5 pydantic-core-2.46.5 pyunormalize-17.0.0 regex-2026.9.10 requests-2.34.2 rlp-5.0.0 slither-analyzer-0.11.6 solc-select-1.2.0 toolz-1.1.0 types-requests-2.33.0.20260906 typing-extensions-4.16.0 typing-inspection-0.4.4 urllib3-2.8.0 wcwidth-0.8.3 web3-7.16.0 websockets-15.0.1 yarl-1.25.1
