
Running Solidity tests


Running Mocha tests


  0.7 immutable core
    ✔ has exact shared satellite ABI tuples
    ✔ has no admin, external library, transfer, mutable card or callback entrypoints
    ✔ reads four-field profiles and unknown identities safely
    ✔ enforces profile type, permanent wallet registration and principal authorization
    ✔ mints physical with immutable hashes, card and readable receipt
    ✔ mints digital with immutable hashes, card and readable receipt
    ✔ mints mixed with immutable hashes, card and readable receipt
    ✔ rejects every invalid core enum and empty/oversized UTF-8 fields
    ✔ checks hashes, required anchor masks and UTC
    ✔ restricts edition anchor flags to B profiles
    ✔ accepts issuer revocation at exactly 72h; requires nonzero reason and only once
    ✔ rejects revocation after 72h, including by deployer of another issuer
    ✔ has no profile stop selector, event or field and rejects the retired selector
    ✔ safe paging handles zero, max uint, end and page cap
    ✔ never invokes external code during mint (trace opcode assertion)

  0.7 concerns
    ✔ independent P/M records, readable logs, withdraw/re-raise without duplicate indices
    ✔ validates existence, roles, hashes, size and missing/withdrawn state
    ✔ permits withdrawal and a new concern episode on a revoked passport
    ✔ 250 seeded state transitions preserve counter and unique index invariants (364ms)

  0.7 hosting and directory
    ✔ publishing permission is separate; expiry, replacement and revoke immediately apply
    ✔ issuer can clear locations while immutable hashes stay fixed
    ✔ domain declarations enforce organisation role and canonical DNS syntax

  0.7 independent attestations and affiliation
    ✔ proofs enforce P/M registration, passport state and paged access
    ✔ document anchors reject unregistered issuer and duplicates; scopes hash to wallet
    ✔ author signature binds domain and exact passport, cannot be front-run or replayed
    ✔ issuer cannot bind an author key without its signature
    ✔ affiliation handshake rejects cycles, is display-only, allows child to leave
    ✔ cancelled affiliation request cannot be confirmed
    ✔ ODPEditionUnits rejects EOA registry and fits EIP-170
    ✔ ODPPassportConcerns rejects EOA registry and fits EIP-170
    ✔ ODPPassportProofRegistry rejects EOA registry and fits EIP-170
    ✔ ODPHosting rejects EOA registry and fits EIP-170
    ✔ ODPProfileDirectory rejects EOA registry and fits EIP-170
    ✔ ODPAuthorAttestation rejects EOA registry and fits EIP-170
    ✔ ODPRegistryRelations rejects EOA registry and fits EIP-170
    ✔ ODPWalletDocumentAnchor rejects EOA registry and fits EIP-170
    ✔ ODPStatementJournal rejects EOA registry and fits EIP-170

  0.7 additional adversarial boundaries
    ✔ 101 real concern raisers cannot create oversized pages or occupy each other slots (820ms)
    ✔ Gregorian month rollover rejects stale documents while a freshly prepared one mints
    ✔ empty/max-length UTF-8 URL boundaries and missing-document semantics are enforced
    ✔ author rejects high-s, wrong-v, wrong data and wrong passport signatures without occupying slot
    ✔ activation rejects high-s, invalid-v, overlong proof and another-chain signature
    ✔ affiliation rechecks cycle at confirmation after the pending graph changes

  0.7 canonical bundle to local EVM and back
    ✔ physical: real file bytes → JSON → mint → receipt → independent verification
    ✔ digital: real file bytes → JSON → mint → receipt → independent verification
    ✔ mixed: real file bytes → JSON → mint → receipt → independent verification
    ✔ edition: real file bytes → JSON → mint → receipt → independent verification
    ✔ all checked-in examples satisfy schema and semantic validation
    ✔ rejects time, byte-length, assigned-ID and cross-anchor inconsistencies

  0.7 quota and pagination boundaries
    ✔ 1000 direct mints exhaust C bucket; rejected mint is atomic; pages stay bounded (3154ms)

  0.7 edition preparation and activation
    ✔ prepares immutable root before mint; printed seed reconstructs exactly the same key
    ✔ permissionless courier gains no rights; duplicate, wrong index and bad signature fail
    ✔ activation does not close issuer 72h revocation window; revoked edition cannot activate again
    ✔ issuer can open a committed edition later; no profile stop can strand it
    ✔ rejects invalid edition model, flags, count, nonce, role and revoked passport
    ✔ satellite-specific signatures cannot replay; historical namespace remains independently readable
    ✔ all leaves in odd/even trees verify; mutations never activate or change state (223ms)

  0.7 canonicalization
    ✔ sorts integer-like keys by UTF-16, normalizes NFC, and uses ECMAScript numbers
    ✔ rejects ambiguous or non-JSON inputs including normalized duplicate keys
    ✔ matches checked-in canonical vectors

  0.7 edition commitment enforced across core and satellite
    ✔ matches independent JS typed encoding and persists the commitment in the core
    ✔ rejects each mismatched parameter without occupying the slot or nonce
    ✔ binds the satellite address and issuer, including malicious copied commitments
    ✔ prevents one issuer nonce opening twice under different passports, even after revocation
    ✔ does not let a different issuer reserve another issuer nonce
    ✔ requires commitment exactly for unit-key anchors, and a supported edition model

  0.7 measured registration costs
V07_GAS {"registration":"164056","physicalMint":"598048","firstConcern":"232300","secondRaiser":"198146","withdraw":"46399","reRaise":"71155"}
    ✔ records gas for the new indexed concern model rather than reusing the legacy number

  0.7 direct issuance and durable operation identity
    ✔ removes every mint-agent permission and records only the calling profile
    ✔ rejects old on-behalf mint calldata instead of interpreting it as a new operation
    ✔ reports the existing ID for exact replay, including after revocation and month rollover
    ✔ binds every mint field and the entrypoint to the operation
    ✔ does not reserve an operation on a failed mint, and rejects zero operation IDs
    ✔ scopes operation IDs to issuer and registry, without reserving global document hashes
    ✔ recovers after a month rollover without re-preparing the committed document
    ✔ two pending transactions for one operation cannot create two passports

  Polygon137 complete deployment path over two local HTTP RPCs
    ✔ executes all ten pinned creations and finality/runtime checks through both HTTP providers (2313ms)
    ✔ resumes planned failure on Polygon path without duplicate deployments (1643ms)
    ✔ resumes broadcast failure on Polygon path without duplicate deployments (1582ms)
    ✔ resumes pending failure on Polygon path without duplicate deployments (1549ms)
    ✔ resumes verified failure on Polygon path without duplicate deployments (1648ms)
    ✔ refuses unsupported finality and mismatched chain before any transaction (144ms)
    ✔ secondary runtime mismatch interrupts and resumes only after agreement (1551ms)
    ✔ rechecks the first contract before completing when its evidence changes during the last deployment (1032ms)
    ✔ halts on finality lag and resumes after both observers finalize (1605ms)
    ✔ rejects consumed nonce from another transaction before the next creation (190ms)
    ✔ rejects address, budget, gas estimate and insufficient balance before broadcast (360ms)
    ✔ rejects tampered plans and missing or noncanonical receipts on resume without further broadcasts (506ms)
    1) binds a read-only preflight to release, wallet, budget and predicted addresses

  0.7 append operation recovery
    ✔ reference mint digest matches the complete contract tuple
    ✔ statement replay resolves original after supersession and passport revoke
    ✔ statement failed attempt does not reserve ID, callers and fresh IDs are independent
    ✔ proof replay resolves original after withdrawal, calendar rollover and revoke
    ✔ proof failures reserve nothing and fresh operations deliberately allow repeated evidence

  0.7 pinned release verification
    ✔ deploys all ten pinned factories and checks complete runtime including every immutable (442ms)
    ✔ recovers planned interruption without creating a second deployment (1380ms)
    ✔ recovers broadcast interruption without creating a second deployment (1409ms)
    ✔ recovers pending interruption without creating a second deployment (1313ms)
    ✔ recovers verified interruption without creating a second deployment (1384ms)
    ✔ refuses Polygon mainnet before sending when the second RPC is absent (213ms)

  0.7 statement lifecycle
    ✔ author independently publishes; issuer cannot withdraw or replace their declaration
    ✔ replacements preserve history, require matching subject/kind, reject stale branches
    ✔ withdrawal is author-only, once, and requires a nonzero reason
    ✔ issuer correction on revoked or old passport cannot change core
    ✔ rejects missing subjects, unregistered authors, wrong roles and empty commitments
    ✔ bounded history pagination includes retracted and replaced records
    ✔ institution can withdraw an old proof after passport revocation
    ✔ separate author signer withdraws one-shot consent without issuer authorization
    ✔ contract-wallet caller can register, publish and retract without issuer permission
    ✔ seeded lifecycle sequence preserves terminal records and author isolation (259ms)

  0.7 optional variant commitments
    ✔ all sealed variants verify; a changed variant, salt or index fails
    ✔ uses NFC UTF-8 byte length and rejects excess length
    ✔ rejects mismatched counts between edition, unit keys and variant commitments


  111 passing (29s)
  1 failing

  1) Polygon137 complete deployment path over two local HTTP RPCs
       binds a read-only preflight to release, wallet, budget and predicted addresses:
     Error: Current fee quote exceeds configured caps
      at preflightMainnet (file:///private/tmp/odp-prelaunch-20260918-194743/clean/chain/deploy/scripts/preflight-mainnet.mjs:20:121)
      at process.processTicksAndRejections (node:internal/process/task_queues:103:5)
      at async Context.<anonymous> (file:///private/tmp/odp-prelaunch-20260918-194743/clean/chain/deploy/test/ODP07MainnetPath.test.js:92:16)




111 passing (111 mocha)
1 failing (1 mocha)

Test run failed
WARNING: hre.network.connect() is deprecated and will be removed in a future version. Use hre.network.create() or hre.network.getOrCreate() instead.
